argv[0]: args.out
argv[1]: test
argv[2]: hehe
argv[3]: 000
